---
source: rholang-parser/tests/golden.rs
expression: result
---
Good(
    [
        AnnProc {
            proc: New {
                decls: [
                    NameDecl {
                        id: Id {
                            name: "ret",
                            pos: SourcePos {
                                line: 2,
                                col: 5,
                            },
                        },
                        uri: None,
                    },
                ],
                proc: AnnProc {
                    proc: Par {
                        left: AnnProc {
                            proc: Par {
                                left: AnnProc {
                                    proc: Contract {
                                        name: AnnName {
                                            name: ProcVar(
                                                Id(
                                                    Id {
                                                        name: "loopback",
                                                        pos: SourcePos {
                                                            line: 4,
                                                            col: 12,
                                                        },
                                                    },
                                                ),
                                            ),
                                            span: SourceSpan {
                                                start: SourcePos {
                                                    line: 4,
                                                    col: 12,
                                                },
                                                end: SourcePos {
                                                    line: 4,
                                                    col: 20,
                                                },
                                            },
                                        },
                                        formals: Names {
                                            names: [
                                                AnnName {
                                                    name: Quote(
                                                        ProcVar(
                                                            Id(
                                                                Id {
                                                                    name: "input",
                                                                    pos: SourcePos {
                                                                        line: 4,
                                                                        col: 22,
                                                                    },
                                                                },
                                                            ),
                                                        ),
                                                    ),
                                                    span: SourceSpan {
                                                        start: SourcePos {
                                                            line: 4,
                                                            col: 21,
                                                        },
                                                        end: SourcePos {
                                                            line: 4,
                                                            col: 27,
                                                        },
                                                    },
                                                },
                                                AnnName {
                                                    name: ProcVar(
                                                        Id(
                                                            Id {
                                                                name: "return",
                                                                pos: SourcePos {
                                                                    line: 4,
                                                                    col: 29,
                                                                },
                                                            },
                                                        ),
                                                    ),
                                                    span: SourceSpan {
                                                        start: SourcePos {
                                                            line: 4,
                                                            col: 29,
                                                        },
                                                        end: SourcePos {
                                                            line: 4,
                                                            col: 35,
                                                        },
                                                    },
                                                },
                                            ],
                                            remainder: None,
                                        },
                                        body: AnnProc {
                                            proc: Send {
                                                channel: AnnName {
                                                    name: ProcVar(
                                                        Id(
                                                            Id {
                                                                name: "return",
                                                                pos: SourcePos {
                                                                    line: 5,
                                                                    col: 5,
                                                                },
                                                            },
                                                        ),
                                                    ),
                                                    span: SourceSpan {
                                                        start: SourcePos {
                                                            line: 5,
                                                            col: 5,
                                                        },
                                                        end: SourcePos {
                                                            line: 5,
                                                            col: 11,
                                                        },
                                                    },
                                                },
                                                send_type: Single,
                                                inputs: [
                                                    AnnProc {
                                                        proc: ProcVar(
                                                            Id(
                                                                Id {
                                                                    name: "input",
                                                                    pos: SourcePos {
                                                                        line: 5,
                                                                        col: 13,
                                                                    },
                                                                },
                                                            ),
                                                        ),
                                                        span: SourceSpan {
                                                            start: SourcePos {
                                                                line: 5,
                                                                col: 13,
                                                            },
                                                            end: SourcePos {
                                                                line: 5,
                                                                col: 18,
                                                            },
                                                        },
                                                    },
                                                ],
                                            },
                                            span: SourceSpan {
                                                start: SourcePos {
                                                    line: 5,
                                                    col: 5,
                                                },
                                                end: SourcePos {
                                                    line: 5,
                                                    col: 19,
                                                },
                                            },
                                        },
                                    },
                                    span: SourceSpan {
                                        start: SourcePos {
                                            line: 4,
                                            col: 3,
                                        },
                                        end: SourcePos {
                                            line: 6,
                                            col: 4,
                                        },
                                    },
                                },
                                right: AnnProc {
                                    proc: Send {
                                        channel: AnnName {
                                            name: ProcVar(
                                                Id(
                                                    Id {
                                                        name: "loopback",
                                                        pos: SourcePos {
                                                            line: 8,
                                                            col: 3,
                                                        },
                                                    },
                                                ),
                                            ),
                                            span: SourceSpan {
                                                start: SourcePos {
                                                    line: 8,
                                                    col: 3,
                                                },
                                                end: SourcePos {
                                                    line: 8,
                                                    col: 11,
                                                },
                                            },
                                        },
                                        send_type: Single,
                                        inputs: [
                                            AnnProc {
                                                proc: StringLiteral(
                                                    "Hello, world!",
                                                ),
                                                span: SourceSpan {
                                                    start: SourcePos {
                                                        line: 8,
                                                        col: 13,
                                                    },
                                                    end: SourcePos {
                                                        line: 8,
                                                        col: 28,
                                                    },
                                                },
                                            },
                                            AnnProc {
                                                proc: Eval {
                                                    name: AnnName {
                                                        name: ProcVar(
                                                            Id(
                                                                Id {
                                                                    name: "ret",
                                                                    pos: SourcePos {
                                                                        line: 8,
                                                                        col: 31,
                                                                    },
                                                                },
                                                            ),
                                                        ),
                                                        span: SourceSpan {
                                                            start: SourcePos {
                                                                line: 8,
                                                                col: 31,
                                                            },
                                                            end: SourcePos {
                                                                line: 8,
                                                                col: 34,
                                                            },
                                                        },
                                                    },
                                                },
                                                span: SourceSpan {
                                                    start: SourcePos {
                                                        line: 8,
                                                        col: 30,
                                                    },
                                                    end: SourcePos {
                                                        line: 8,
                                                        col: 34,
                                                    },
                                                },
                                            },
                                        ],
                                    },
                                    span: SourceSpan {
                                        start: SourcePos {
                                            line: 8,
                                            col: 3,
                                        },
                                        end: SourcePos {
                                            line: 8,
                                            col: 35,
                                        },
                                    },
                                },
                            },
                            span: SourceSpan {
                                start: SourcePos {
                                    line: 4,
                                    col: 3,
                                },
                                end: SourcePos {
                                    line: 8,
                                    col: 35,
                                },
                            },
                        },
                        right: AnnProc {
                            proc: ForComprehension {
                                receipts: [
                                    [
                                        Linear {
                                            lhs: Names {
                                                names: [
                                                    AnnName {
                                                        name: Quote(
                                                            ProcVar(
                                                                Id(
                                                                    Id {
                                                                        name: "msg",
                                                                        pos: SourcePos {
                                                                            line: 9,
                                                                            col: 8,
                                                                        },
                                                                    },
                                                                ),
                                                            ),
                                                        ),
                                                        span: SourceSpan {
                                                            start: SourcePos {
                                                                line: 9,
                                                                col: 7,
                                                            },
                                                            end: SourcePos {
                                                                line: 9,
                                                                col: 11,
                                                            },
                                                        },
                                                    },
                                                ],
                                                remainder: None,
                                            },
                                            rhs: Simple {
                                                name: AnnName {
                                                    name: ProcVar(
                                                        Id(
                                                            Id {
                                                                name: "ret",
                                                                pos: SourcePos {
                                                                    line: 9,
                                                                    col: 15,
                                                                },
                                                            },
                                                        ),
                                                    ),
                                                    span: SourceSpan {
                                                        start: SourcePos {
                                                            line: 9,
                                                            col: 15,
                                                        },
                                                        end: SourcePos {
                                                            line: 9,
                                                            col: 18,
                                                        },
                                                    },
                                                },
                                            },
                                        },
                                    ],
                                ],
                                proc: AnnProc {
                                    proc: Send {
                                        channel: AnnName {
                                            name: ProcVar(
                                                Id(
                                                    Id {
                                                        name: "stdout",
                                                        pos: SourcePos {
                                                            line: 10,
                                                            col: 5,
                                                        },
                                                    },
                                                ),
                                            ),
                                            span: SourceSpan {
                                                start: SourcePos {
                                                    line: 10,
                                                    col: 5,
                                                },
                                                end: SourcePos {
                                                    line: 10,
                                                    col: 11,
                                                },
                                            },
                                        },
                                        send_type: Single,
                                        inputs: [
                                            AnnProc {
                                                proc: ProcVar(
                                                    Id(
                                                        Id {
                                                            name: "msg",
                                                            pos: SourcePos {
                                                                line: 10,
                                                                col: 13,
                                                            },
                                                        },
                                                    ),
                                                ),
                                                span: SourceSpan {
                                                    start: SourcePos {
                                                        line: 10,
                                                        col: 13,
                                                    },
                                                    end: SourcePos {
                                                        line: 10,
                                                        col: 16,
                                                    },
                                                },
                                            },
                                        ],
                                    },
                                    span: SourceSpan {
                                        start: SourcePos {
                                            line: 10,
                                            col: 5,
                                        },
                                        end: SourcePos {
                                            line: 10,
                                            col: 17,
                                        },
                                    },
                                },
                            },
                            span: SourceSpan {
                                start: SourcePos {
                                    line: 9,
                                    col: 3,
                                },
                                end: SourcePos {
                                    line: 11,
                                    col: 4,
                                },
                            },
                        },
                    },
                    span: SourceSpan {
                        start: SourcePos {
                            line: 4,
                            col: 3,
                        },
                        end: SourcePos {
                            line: 11,
                            col: 4,
                        },
                    },
                },
            },
            span: SourceSpan {
                start: SourcePos {
                    line: 2,
                    col: 1,
                },
                end: SourcePos {
                    line: 12,
                    col: 2,
                },
            },
        },
    ],
)
