---
source: rholang-parser/tests/golden.rs
expression: result
---
Fail(
    [
        ParsingFailure {
            partial_tree: Some(
                AnnProc {
                    proc: Contract {
                        name: AnnName {
                            name: ProcVar(
                                Id(
                                    Id {
                                        name: "Cell",
                                        pos: SourcePos {
                                            line: 1,
                                            col: 10,
                                        },
                                    },
                                ),
                            ),
                            span: SourceSpan {
                                start: SourcePos {
                                    line: 1,
                                    col: 10,
                                },
                                end: SourcePos {
                                    line: 1,
                                    col: 14,
                                },
                            },
                        },
                        formals: Names {
                            names: [
                                AnnName {
                                    name: ProcVar(
                                        Id(
                                            Id {
                                                name: "client",
                                                pos: SourcePos {
                                                    line: 1,
                                                    col: 16,
                                                },
                                            },
                                        ),
                                    ),
                                    span: SourceSpan {
                                        start: SourcePos {
                                            line: 1,
                                            col: 16,
                                        },
                                        end: SourcePos {
                                            line: 1,
                                            col: 22,
                                        },
                                    },
                                },
                                AnnName {
                                    name: ProcVar(
                                        Id(
                                            Id {
                                                name: "state",
                                                pos: SourcePos {
                                                    line: 1,
                                                    col: 24,
                                                },
                                            },
                                        ),
                                    ),
                                    span: SourceSpan {
                                        start: SourcePos {
                                            line: 1,
                                            col: 24,
                                        },
                                        end: SourcePos {
                                            line: 1,
                                            col: 29,
                                        },
                                    },
                                },
                            ],
                            remainder: None,
                        },
                        body: AnnProc {
                            proc: ForComprehension {
                                receipts: [
                                    [
                                        Linear {
                                            lhs: Names {
                                                names: [
                                                    AnnName {
                                                        name: ProcVar(
                                                            Id(
                                                                Id {
                                                                    name: "request",
                                                                    pos: SourcePos {
                                                                        line: 2,
                                                                        col: 8,
                                                                    },
                                                                },
                                                            ),
                                                        ),
                                                        span: SourceSpan {
                                                            start: SourcePos {
                                                                line: 2,
                                                                col: 8,
                                                            },
                                                            end: SourcePos {
                                                                line: 2,
                                                                col: 15,
                                                            },
                                                        },
                                                    },
                                                ],
                                                remainder: None,
                                            },
                                            rhs: Simple {
                                                name: AnnName {
                                                    name: ProcVar(
                                                        Id(
                                                            Id {
                                                                name: "client",
                                                                pos: SourcePos {
                                                                    line: 2,
                                                                    col: 19,
                                                                },
                                                            },
                                                        ),
                                                    ),
                                                    span: SourceSpan {
                                                        start: SourcePos {
                                                            line: 2,
                                                            col: 19,
                                                        },
                                                        end: SourcePos {
                                                            line: 2,
                                                            col: 25,
                                                        },
                                                    },
                                                },
                                            },
                                        },
                                    ],
                                    [
                                        Linear {
                                            lhs: Names {
                                                names: [
                                                    AnnName {
                                                        name: ProcVar(
                                                            Id(
                                                                Id {
                                                                    name: "v",
                                                                    pos: SourcePos {
                                                                        line: 2,
                                                                        col: 27,
                                                                    },
                                                                },
                                                            ),
                                                        ),
                                                        span: SourceSpan {
                                                            start: SourcePos {
                                                                line: 2,
                                                                col: 27,
                                                            },
                                                            end: SourcePos {
                                                                line: 2,
                                                                col: 28,
                                                            },
                                                        },
                                                    },
                                                ],
                                                remainder: None,
                                            },
                                            rhs: Simple {
                                                name: AnnName {
                                                    name: ProcVar(
                                                        Id(
                                                            Id {
                                                                name: "state",
                                                                pos: SourcePos {
                                                                    line: 2,
                                                                    col: 32,
                                                                },
                                                            },
                                                        ),
                                                    ),
                                                    span: SourceSpan {
                                                        start: SourcePos {
                                                            line: 2,
                                                            col: 32,
                                                        },
                                                        end: SourcePos {
                                                            line: 2,
                                                            col: 37,
                                                        },
                                                    },
                                                },
                                            },
                                        },
                                    ],
                                ],
                                proc: AnnProc {
                                    proc: Match {
                                        expression: AnnProc {
                                            proc: BinaryExp {
                                                op: Mult,
                                                left: AnnProc {
                                                    proc: Eval {
                                                        name: AnnName {
                                                            name: ProcVar(
                                                                Id(
                                                                    Id {
                                                                        name: "request",
                                                                        pos: SourcePos {
                                                                            line: 3,
                                                                            col: 12,
                                                                        },
                                                                    },
                                                                ),
                                                            ),
                                                            span: SourceSpan {
                                                                start: SourcePos {
                                                                    line: 3,
                                                                    col: 12,
                                                                },
                                                                end: SourcePos {
                                                                    line: 3,
                                                                    col: 19,
                                                                },
                                                            },
                                                        },
                                                    },
                                                    span: SourceSpan {
                                                        start: SourcePos {
                                                            line: 3,
                                                            col: 11,
                                                        },
                                                        end: SourcePos {
                                                            line: 3,
                                                            col: 19,
                                                        },
                                                    },
                                                },
                                                right: AnnProc {
                                                    proc: Bad,
                                                    span: SourceSpan {
                                                        start: SourcePos {
                                                            line: 3,
                                                            col: 20,
                                                        },
                                                        end: SourcePos {
                                                            line: 3,
                                                            col: 24,
                                                        },
                                                    },
                                                },
                                            },
                                            span: SourceSpan {
                                                start: SourcePos {
                                                    line: 3,
                                                    col: 11,
                                                },
                                                end: SourcePos {
                                                    line: 4,
                                                    col: 12,
                                                },
                                            },
                                        },
                                        cases: [
                                            Case {
                                                pattern: AnnProc {
                                                    proc: ProcVar(
                                                        Id(
                                                            Id {
                                                                name: "rtn",
                                                                pos: SourcePos {
                                                                    line: 4,
                                                                    col: 15,
                                                                },
                                                            },
                                                        ),
                                                    ),
                                                    span: SourceSpan {
                                                        start: SourcePos {
                                                            line: 4,
                                                            col: 15,
                                                        },
                                                        end: SourcePos {
                                                            line: 4,
                                                            col: 18,
                                                        },
                                                    },
                                                },
                                                proc: AnnProc {
                                                    proc: BinaryExp {
                                                        op: Mult,
                                                        left: AnnProc {
                                                            proc: Bad,
                                                            span: SourceSpan {
                                                                start: SourcePos {
                                                                    line: 5,
                                                                    col: 9,
                                                                },
                                                                end: SourcePos {
                                                                    line: 5,
                                                                    col: 41,
                                                                },
                                                            },
                                                        },
                                                        right: AnnProc {
                                                            proc: Quote {
                                                                proc: ProcVar(
                                                                    Id(
                                                                        Id {
                                                                            name: "set",
                                                                            pos: SourcePos {
                                                                                line: 7,
                                                                                col: 9,
                                                                            },
                                                                        },
                                                                    ),
                                                                ),
                                                            },
                                                            span: SourceSpan {
                                                                start: SourcePos {
                                                                    line: 7,
                                                                    col: 8,
                                                                },
                                                                end: SourcePos {
                                                                    line: 7,
                                                                    col: 12,
                                                                },
                                                            },
                                                        },
                                                    },
                                                    span: SourceSpan {
                                                        start: SourcePos {
                                                            line: 4,
                                                            col: 24,
                                                        },
                                                        end: SourcePos {
                                                            line: 7,
                                                            col: 12,
                                                        },
                                                    },
                                                },
                                            },
                                            Case {
                                                pattern: AnnProc {
                                                    proc: ProcVar(
                                                        Id(
                                                            Id {
                                                                name: "newValue",
                                                                pos: SourcePos {
                                                                    line: 7,
                                                                    col: 14,
                                                                },
                                                            },
                                                        ),
                                                    ),
                                                    span: SourceSpan {
                                                        start: SourcePos {
                                                            line: 7,
                                                            col: 14,
                                                        },
                                                        end: SourcePos {
                                                            line: 7,
                                                            col: 22,
                                                        },
                                                    },
                                                },
                                                proc: AnnProc {
                                                    proc: Bad,
                                                    span: SourceSpan {
                                                        start: SourcePos {
                                                            line: 8,
                                                            col: 9,
                                                        },
                                                        end: SourcePos {
                                                            line: 8,
                                                            col: 35,
                                                        },
                                                    },
                                                },
                                            },
                                        ],
                                    },
                                    span: SourceSpan {
                                        start: SourcePos {
                                            line: 3,
                                            col: 5,
                                        },
                                        end: SourcePos {
                                            line: 10,
                                            col: 4,
                                        },
                                    },
                                },
                            },
                            span: SourceSpan {
                                start: SourcePos {
                                    line: 2,
                                    col: 3,
                                },
                                end: SourcePos {
                                    line: 11,
                                    col: 2,
                                },
                            },
                        },
                    },
                    span: SourceSpan {
                        start: SourcePos {
                            line: 1,
                            col: 1,
                        },
                        end: SourcePos {
                            line: 11,
                            col: 2,
                        },
                    },
                },
            ),
            errors: [
                AnnParsingError {
                    error: UnexpectedVar,
                    span: SourceSpan {
                        start: SourcePos {
                            line: 3,
                            col: 20,
                        },
                        end: SourcePos {
                            line: 3,
                            col: 24,
                        },
                    },
                    byte_range: 95..99,
                },
                AnnParsingError {
                    error: UnexpectedMatchAfter {
                        rule: "par",
                        offender: "tuple",
                    },
                    span: SourceSpan {
                        start: SourcePos {
                            line: 5,
                            col: 41,
                        },
                        end: SourcePos {
                            line: 5,
                            col: 60,
                        },
                    },
                    byte_range: 165..184,
                },
                AnnParsingError {
                    error: UnexpectedMatchAfter {
                        rule: "par",
                        offender: "tuple",
                    },
                    span: SourceSpan {
                        start: SourcePos {
                            line: 8,
                            col: 35,
                        },
                        end: SourcePos {
                            line: 8,
                            col: 54,
                        },
                    },
                    byte_range: 256..275,
                },
                AnnParsingError {
                    error: MissingToken(
                        "}",
                    ),
                    span: SourceSpan {
                        start: SourcePos {
                            line: 11,
                            col: 2,
                        },
                        end: SourcePos {
                            line: 11,
                            col: 2,
                        },
                    },
                    byte_range: 289..289,
                },
                AnnParsingError {
                    error: Unexpected(
                        '#',
                    ),
                    span: SourceSpan {
                        start: SourcePos {
                            line: 4,
                            col: 14,
                        },
                        end: SourcePos {
                            line: 4,
                            col: 15,
                        },
                    },
                    byte_range: 113..114,
                },
                AnnParsingError {
                    error: SyntaxError {
                        sexp: "(ERROR)",
                    },
                    span: SourceSpan {
                        start: SourcePos {
                            line: 4,
                            col: 19,
                        },
                        end: SourcePos {
                            line: 4,
                            col: 20,
                        },
                    },
                    byte_range: 118..119,
                },
            ],
        },
    ],
)
