---
source: rholang-shell/tests/golden_shell.rs
expression: output
---
Good(
    [
        AnnProc {
            proc: New {
                decls: [
                    NameDecl {
                        id: Id {
                            name: "helloWorld",
                            pos: SourcePos {
                                line: 1,
                                col: 5,
                            },
                        },
                        uri: None,
                    },
                    NameDecl {
                        id: Id {
                            name: "stdout",
                            pos: SourcePos {
                                line: 1,
                                col: 17,
                            },
                        },
                        uri: Some(
                            Uri(
                                "rho:io:stdout",
                            ),
                        ),
                    },
                    NameDecl {
                        id: Id {
                            name: "stdoutAck",
                            pos: SourcePos {
                                line: 1,
                                col: 42,
                            },
                        },
                        uri: Some(
                            Uri(
                                "rho:io:stdoutAck",
                            ),
                        ),
                    },
                ],
                proc: AnnProc {
                    proc: Par {
                        left: AnnProc {
                            proc: Contract {
                                name: NameVar(
                                    Id(
                                        Id {
                                            name: "helloWorld",
                                            pos: SourcePos {
                                                line: 2,
                                                col: 12,
                                            },
                                        },
                                    ),
                                ),
                                formals: Names {
                                    names: [
                                        Quote(
                                            AnnProc {
                                                proc: ProcVar(
                                                    Id(
                                                        Id {
                                                            name: "name",
                                                            pos: SourcePos {
                                                                line: 2,
                                                                col: 24,
                                                            },
                                                        },
                                                    ),
                                                ),
                                                span: SourceSpan {
                                                    start: SourcePos {
                                                        line: 2,
                                                        col: 24,
                                                    },
                                                    end: SourcePos {
                                                        line: 2,
                                                        col: 28,
                                                    },
                                                },
                                            },
                                        ),
                                    ],
                                    remainder: None,
                                },
                                body: AnnProc {
                                    proc: New {
                                        decls: [
                                            NameDecl {
                                                id: Id {
                                                    name: "ack",
                                                    pos: SourcePos {
                                                        line: 3,
                                                        col: 9,
                                                    },
                                                },
                                                uri: None,
                                            },
                                        ],
                                        proc: AnnProc {
                                            proc: Par {
                                                left: AnnProc {
                                                    proc: Send {
                                                        channel: NameVar(
                                                            Id(
                                                                Id {
                                                                    name: "stdoutAck",
                                                                    pos: SourcePos {
                                                                        line: 4,
                                                                        col: 7,
                                                                    },
                                                                },
                                                            ),
                                                        ),
                                                        send_type: Single,
                                                        inputs: [
                                                            AnnProc {
                                                                proc: StringLiteral(
                                                                    "Hello, ",
                                                                ),
                                                                span: SourceSpan {
                                                                    start: SourcePos {
                                                                        line: 4,
                                                                        col: 18,
                                                                    },
                                                                    end: SourcePos {
                                                                        line: 4,
                                                                        col: 27,
                                                                    },
                                                                },
                                                            },
                                                            AnnProc {
                                                                proc: Eval {
                                                                    name: NameVar(
                                                                        Id(
                                                                            Id {
                                                                                name: "ack",
                                                                                pos: SourcePos {
                                                                                    line: 4,
                                                                                    col: 30,
                                                                                },
                                                                            },
                                                                        ),
                                                                    ),
                                                                },
                                                                span: SourceSpan {
                                                                    start: SourcePos {
                                                                        line: 4,
                                                                        col: 29,
                                                                    },
                                                                    end: SourcePos {
                                                                        line: 4,
                                                                        col: 33,
                                                                    },
                                                                },
                                                            },
                                                        ],
                                                    },
                                                    span: SourceSpan {
                                                        start: SourcePos {
                                                            line: 4,
                                                            col: 7,
                                                        },
                                                        end: SourcePos {
                                                            line: 4,
                                                            col: 34,
                                                        },
                                                    },
                                                },
                                                right: AnnProc {
                                                    proc: ForComprehension {
                                                        receipts: [
                                                            [
                                                                Linear {
                                                                    lhs: Names {
                                                                        names: [
                                                                            NameVar(
                                                                                Wildcard,
                                                                            ),
                                                                        ],
                                                                        remainder: None,
                                                                    },
                                                                    rhs: Simple {
                                                                        name: NameVar(
                                                                            Id(
                                                                                Id {
                                                                                    name: "ack",
                                                                                    pos: SourcePos {
                                                                                        line: 5,
                                                                                        col: 17,
                                                                                    },
                                                                                },
                                                                            ),
                                                                        ),
                                                                    },
                                                                },
                                                            ],
                                                        ],
                                                        proc: AnnProc {
                                                            proc: Par {
                                                                left: AnnProc {
                                                                    proc: Send {
                                                                        channel: NameVar(
                                                                            Id(
                                                                                Id {
                                                                                    name: "stdoutAck",
                                                                                    pos: SourcePos {
                                                                                        line: 6,
                                                                                        col: 9,
                                                                                    },
                                                                                },
                                                                            ),
                                                                        ),
                                                                        send_type: Single,
                                                                        inputs: [
                                                                            AnnProc {
                                                                                proc: ProcVar(
                                                                                    Id(
                                                                                        Id {
                                                                                            name: "name",
                                                                                            pos: SourcePos {
                                                                                                line: 6,
                                                                                                col: 20,
                                                                                            },
                                                                                        },
                                                                                    ),
                                                                                ),
                                                                                span: SourceSpan {
                                                                                    start: SourcePos {
                                                                                        line: 6,
                                                                                        col: 20,
                                                                                    },
                                                                                    end: SourcePos {
                                                                                        line: 6,
                                                                                        col: 24,
                                                                                    },
                                                                                },
                                                                            },
                                                                            AnnProc {
                                                                                proc: Eval {
                                                                                    name: NameVar(
                                                                                        Id(
                                                                                            Id {
                                                                                                name: "ack",
                                                                                                pos: SourcePos {
                                                                                                    line: 6,
                                                                                                    col: 27,
                                                                                                },
                                                                                            },
                                                                                        ),
                                                                                    ),
                                                                                },
                                                                                span: SourceSpan {
                                                                                    start: SourcePos {
                                                                                        line: 6,
                                                                                        col: 26,
                                                                                    },
                                                                                    end: SourcePos {
                                                                                        line: 6,
                                                                                        col: 30,
                                                                                    },
                                                                                },
                                                                            },
                                                                        ],
                                                                    },
                                                                    span: SourceSpan {
                                                                        start: SourcePos {
                                                                            line: 6,
                                                                            col: 9,
                                                                        },
                                                                        end: SourcePos {
                                                                            line: 6,
                                                                            col: 31,
                                                                        },
                                                                    },
                                                                },
                                                                right: AnnProc {
                                                                    proc: ForComprehension {
                                                                        receipts: [
                                                                            [
                                                                                Linear {
                                                                                    lhs: Names {
                                                                                        names: [
                                                                                            NameVar(
                                                                                                Wildcard,
                                                                                            ),
                                                                                        ],
                                                                                        remainder: None,
                                                                                    },
                                                                                    rhs: Simple {
                                                                                        name: NameVar(
                                                                                            Id(
                                                                                                Id {
                                                                                                    name: "ack",
                                                                                                    pos: SourcePos {
                                                                                                        line: 7,
                                                                                                        col: 19,
                                                                                                    },
                                                                                                },
                                                                                            ),
                                                                                        ),
                                                                                    },
                                                                                },
                                                                            ],
                                                                        ],
                                                                        proc: AnnProc {
                                                                            proc: Send {
                                                                                channel: NameVar(
                                                                                    Id(
                                                                                        Id {
                                                                                            name: "stdout",
                                                                                            pos: SourcePos {
                                                                                                line: 8,
                                                                                                col: 11,
                                                                                            },
                                                                                        },
                                                                                    ),
                                                                                ),
                                                                                send_type: Single,
                                                                                inputs: [
                                                                                    AnnProc {
                                                                                        proc: StringLiteral(
                                                                                            "\\n",
                                                                                        ),
                                                                                        span: SourceSpan {
                                                                                            start: SourcePos {
                                                                                                line: 8,
                                                                                                col: 19,
                                                                                            },
                                                                                            end: SourcePos {
                                                                                                line: 8,
                                                                                                col: 23,
                                                                                            },
                                                                                        },
                                                                                    },
                                                                                ],
                                                                            },
                                                                            span: SourceSpan {
                                                                                start: SourcePos {
                                                                                    line: 8,
                                                                                    col: 11,
                                                                                },
                                                                                end: SourcePos {
                                                                                    line: 8,
                                                                                    col: 24,
                                                                                },
                                                                            },
                                                                        },
                                                                    },
                                                                    span: SourceSpan {
                                                                        start: SourcePos {
                                                                            line: 7,
                                                                            col: 9,
                                                                        },
                                                                        end: SourcePos {
                                                                            line: 9,
                                                                            col: 10,
                                                                        },
                                                                    },
                                                                },
                                                            },
                                                            span: SourceSpan {
                                                                start: SourcePos {
                                                                    line: 6,
                                                                    col: 9,
                                                                },
                                                                end: SourcePos {
                                                                    line: 9,
                                                                    col: 10,
                                                                },
                                                            },
                                                        },
                                                    },
                                                    span: SourceSpan {
                                                        start: SourcePos {
                                                            line: 5,
                                                            col: 7,
                                                        },
                                                        end: SourcePos {
                                                            line: 10,
                                                            col: 8,
                                                        },
                                                    },
                                                },
                                            },
                                            span: SourceSpan {
                                                start: SourcePos {
                                                    line: 4,
                                                    col: 7,
                                                },
                                                end: SourcePos {
                                                    line: 10,
                                                    col: 8,
                                                },
                                            },
                                        },
                                    },
                                    span: SourceSpan {
                                        start: SourcePos {
                                            line: 3,
                                            col: 5,
                                        },
                                        end: SourcePos {
                                            line: 11,
                                            col: 6,
                                        },
                                    },
                                },
                            },
                            span: SourceSpan {
                                start: SourcePos {
                                    line: 2,
                                    col: 3,
                                },
                                end: SourcePos {
                                    line: 12,
                                    col: 4,
                                },
                            },
                        },
                        right: AnnProc {
                            proc: Send {
                                channel: NameVar(
                                    Id(
                                        Id {
                                            name: "helloWorld",
                                            pos: SourcePos {
                                                line: 13,
                                                col: 3,
                                            },
                                        },
                                    ),
                                ),
                                send_type: Single,
                                inputs: [
                                    AnnProc {
                                        proc: StringLiteral(
                                            "Joe",
                                        ),
                                        span: SourceSpan {
                                            start: SourcePos {
                                                line: 13,
                                                col: 15,
                                            },
                                            end: SourcePos {
                                                line: 13,
                                                col: 20,
                                            },
                                        },
                                    },
                                ],
                            },
                            span: SourceSpan {
                                start: SourcePos {
                                    line: 13,
                                    col: 3,
                                },
                                end: SourcePos {
                                    line: 13,
                                    col: 21,
                                },
                            },
                        },
                    },
                    span: SourceSpan {
                        start: SourcePos {
                            line: 2,
                            col: 3,
                        },
                        end: SourcePos {
                            line: 13,
                            col: 21,
                        },
                    },
                },
            },
            span: SourceSpan {
                start: SourcePos {
                    line: 1,
                    col: 1,
                },
                end: SourcePos {
                    line: 14,
                    col: 2,
                },
            },
        },
    ],
)
