---
source: rholang-shell/tests/golden_shell.rs
expression: output_or_err
---
Error: Parsing failed
Source: contract Cell( client, state ) = {
  for( request <- client; v <- state ) {
    match *request with
      *@get{ #rtn } => {
        rtn!( *v ) | state!( *v ) | Cell( *client, *state )
      }
      *@set{ newValue } => {
        state!( *newValue ) | Cell( *client, *state )
      }
  }
}
