---
source: rholang-shell/tests/golden_shell.rs
expression: output
---
Good(
    [
        AnnProc {
            proc: New {
                decls: [
                    NameDecl {
                        id: Id {
                            name: "blockData",
                            pos: SourcePos {
                                line: 1,
                                col: 5,
                            },
                        },
                        uri: Some(
                            Uri(
                                "rho:block:data",
                            ),
                        ),
                    },
                    NameDecl {
                        id: Id {
                            name: "retCh",
                            pos: SourcePos {
                                line: 1,
                                col: 59,
                            },
                        },
                        uri: None,
                    },
                    NameDecl {
                        id: Id {
                            name: "stdout",
                            pos: SourcePos {
                                line: 1,
                                col: 34,
                            },
                        },
                        uri: Some(
                            Uri(
                                "rho:io:stdout",
                            ),
                        ),
                    },
                ],
                proc: AnnProc {
                    proc: Par {
                        left: AnnProc {
                            proc: Send {
                                channel: NameVar(
                                    Id(
                                        Id {
                                            name: "blockData",
                                            pos: SourcePos {
                                                line: 2,
                                                col: 3,
                                            },
                                        },
                                    ),
                                ),
                                send_type: Single,
                                inputs: [
                                    AnnProc {
                                        proc: Eval {
                                            name: NameVar(
                                                Id(
                                                    Id {
                                                        name: "retCh",
                                                        pos: SourcePos {
                                                            line: 2,
                                                            col: 15,
                                                        },
                                                    },
                                                ),
                                            ),
                                        },
                                        span: SourceSpan {
                                            start: SourcePos {
                                                line: 2,
                                                col: 14,
                                            },
                                            end: SourcePos {
                                                line: 2,
                                                col: 20,
                                            },
                                        },
                                    },
                                ],
                            },
                            span: SourceSpan {
                                start: SourcePos {
                                    line: 2,
                                    col: 3,
                                },
                                end: SourcePos {
                                    line: 2,
                                    col: 21,
                                },
                            },
                        },
                        right: AnnProc {
                            proc: ForComprehension {
                                receipts: [
                                    [
                                        Linear {
                                            lhs: Names {
                                                names: [
                                                    Quote(
                                                        AnnProc {
                                                            proc: ProcVar(
                                                                Id(
                                                                    Id {
                                                                        name: "blockNumber",
                                                                        pos: SourcePos {
                                                                            line: 3,
                                                                            col: 8,
                                                                        },
                                                                    },
                                                                ),
                                                            ),
                                                            span: SourceSpan {
                                                                start: SourcePos {
                                                                    line: 3,
                                                                    col: 8,
                                                                },
                                                                end: SourcePos {
                                                                    line: 3,
                                                                    col: 19,
                                                                },
                                                            },
                                                        },
                                                    ),
                                                    Quote(
                                                        AnnProc {
                                                            proc: ProcVar(
                                                                Id(
                                                                    Id {
                                                                        name: "timestamp",
                                                                        pos: SourcePos {
                                                                            line: 3,
                                                                            col: 22,
                                                                        },
                                                                    },
                                                                ),
                                                            ),
                                                            span: SourceSpan {
                                                                start: SourcePos {
                                                                    line: 3,
                                                                    col: 22,
                                                                },
                                                                end: SourcePos {
                                                                    line: 3,
                                                                    col: 31,
                                                                },
                                                            },
                                                        },
                                                    ),
                                                    Quote(
                                                        AnnProc {
                                                            proc: ProcVar(
                                                                Id(
                                                                    Id {
                                                                        name: "sender",
                                                                        pos: SourcePos {
                                                                            line: 3,
                                                                            col: 34,
                                                                        },
                                                                    },
                                                                ),
                                                            ),
                                                            span: SourceSpan {
                                                                start: SourcePos {
                                                                    line: 3,
                                                                    col: 34,
                                                                },
                                                                end: SourcePos {
                                                                    line: 3,
                                                                    col: 40,
                                                                },
                                                            },
                                                        },
                                                    ),
                                                ],
                                                remainder: None,
                                            },
                                            rhs: Simple {
                                                name: NameVar(
                                                    Id(
                                                        Id {
                                                            name: "retCh",
                                                            pos: SourcePos {
                                                                line: 3,
                                                                col: 44,
                                                            },
                                                        },
                                                    ),
                                                ),
                                            },
                                        },
                                    ],
                                ],
                                proc: AnnProc {
                                    proc: Par {
                                        left: AnnProc {
                                            proc: Par {
                                                left: AnnProc {
                                                    proc: Send {
                                                        channel: NameVar(
                                                            Id(
                                                                Id {
                                                                    name: "stdout",
                                                                    pos: SourcePos {
                                                                        line: 4,
                                                                        col: 7,
                                                                    },
                                                                },
                                                            ),
                                                        ),
                                                        send_type: Single,
                                                        inputs: [
                                                            AnnProc {
                                                                proc: Collection(
                                                                    Map {
                                                                        elements: [
                                                                            (
                                                                                AnnProc {
                                                                                    proc: StringLiteral(
                                                                                        "block number",
                                                                                    ),
                                                                                    span: SourceSpan {
                                                                                        start: SourcePos {
                                                                                            line: 4,
                                                                                            col: 16,
                                                                                        },
                                                                                        end: SourcePos {
                                                                                            line: 4,
                                                                                            col: 30,
                                                                                        },
                                                                                    },
                                                                                },
                                                                                AnnProc {
                                                                                    proc: ProcVar(
                                                                                        Id(
                                                                                            Id {
                                                                                                name: "blockNumber",
                                                                                                pos: SourcePos {
                                                                                                    line: 4,
                                                                                                    col: 32,
                                                                                                },
                                                                                            },
                                                                                        ),
                                                                                    ),
                                                                                    span: SourceSpan {
                                                                                        start: SourcePos {
                                                                                            line: 4,
                                                                                            col: 32,
                                                                                        },
                                                                                        end: SourcePos {
                                                                                            line: 4,
                                                                                            col: 43,
                                                                                        },
                                                                                    },
                                                                                },
                                                                            ),
                                                                        ],
                                                                        remainder: None,
                                                                    },
                                                                ),
                                                                span: SourceSpan {
                                                                    start: SourcePos {
                                                                        line: 4,
                                                                        col: 15,
                                                                    },
                                                                    end: SourcePos {
                                                                        line: 4,
                                                                        col: 44,
                                                                    },
                                                                },
                                                            },
                                                        ],
                                                    },
                                                    span: SourceSpan {
                                                        start: SourcePos {
                                                            line: 4,
                                                            col: 7,
                                                        },
                                                        end: SourcePos {
                                                            line: 4,
                                                            col: 45,
                                                        },
                                                    },
                                                },
                                                right: AnnProc {
                                                    proc: Send {
                                                        channel: NameVar(
                                                            Id(
                                                                Id {
                                                                    name: "stdout",
                                                                    pos: SourcePos {
                                                                        line: 5,
                                                                        col: 7,
                                                                    },
                                                                },
                                                            ),
                                                        ),
                                                        send_type: Single,
                                                        inputs: [
                                                            AnnProc {
                                                                proc: Collection(
                                                                    Map {
                                                                        elements: [
                                                                            (
                                                                                AnnProc {
                                                                                    proc: StringLiteral(
                                                                                        "block time",
                                                                                    ),
                                                                                    span: SourceSpan {
                                                                                        start: SourcePos {
                                                                                            line: 5,
                                                                                            col: 16,
                                                                                        },
                                                                                        end: SourcePos {
                                                                                            line: 5,
                                                                                            col: 28,
                                                                                        },
                                                                                    },
                                                                                },
                                                                                AnnProc {
                                                                                    proc: ProcVar(
                                                                                        Id(
                                                                                            Id {
                                                                                                name: "timestamp",
                                                                                                pos: SourcePos {
                                                                                                    line: 5,
                                                                                                    col: 30,
                                                                                                },
                                                                                            },
                                                                                        ),
                                                                                    ),
                                                                                    span: SourceSpan {
                                                                                        start: SourcePos {
                                                                                            line: 5,
                                                                                            col: 30,
                                                                                        },
                                                                                        end: SourcePos {
                                                                                            line: 5,
                                                                                            col: 39,
                                                                                        },
                                                                                    },
                                                                                },
                                                                            ),
                                                                        ],
                                                                        remainder: None,
                                                                    },
                                                                ),
                                                                span: SourceSpan {
                                                                    start: SourcePos {
                                                                        line: 5,
                                                                        col: 15,
                                                                    },
                                                                    end: SourcePos {
                                                                        line: 5,
                                                                        col: 40,
                                                                    },
                                                                },
                                                            },
                                                        ],
                                                    },
                                                    span: SourceSpan {
                                                        start: SourcePos {
                                                            line: 5,
                                                            col: 7,
                                                        },
                                                        end: SourcePos {
                                                            line: 5,
                                                            col: 41,
                                                        },
                                                    },
                                                },
                                            },
                                            span: SourceSpan {
                                                start: SourcePos {
                                                    line: 4,
                                                    col: 7,
                                                },
                                                end: SourcePos {
                                                    line: 5,
                                                    col: 41,
                                                },
                                            },
                                        },
                                        right: AnnProc {
                                            proc: Send {
                                                channel: NameVar(
                                                    Id(
                                                        Id {
                                                            name: "stdout",
                                                            pos: SourcePos {
                                                                line: 6,
                                                                col: 7,
                                                            },
                                                        },
                                                    ),
                                                ),
                                                send_type: Single,
                                                inputs: [
                                                    AnnProc {
                                                        proc: Collection(
                                                            Map {
                                                                elements: [
                                                                    (
                                                                        AnnProc {
                                                                            proc: StringLiteral(
                                                                                "block sender",
                                                                            ),
                                                                            span: SourceSpan {
                                                                                start: SourcePos {
                                                                                    line: 6,
                                                                                    col: 16,
                                                                                },
                                                                                end: SourcePos {
                                                                                    line: 6,
                                                                                    col: 30,
                                                                                },
                                                                            },
                                                                        },
                                                                        AnnProc {
                                                                            proc: ProcVar(
                                                                                Id(
                                                                                    Id {
                                                                                        name: "sender",
                                                                                        pos: SourcePos {
                                                                                            line: 6,
                                                                                            col: 32,
                                                                                        },
                                                                                    },
                                                                                ),
                                                                            ),
                                                                            span: SourceSpan {
                                                                                start: SourcePos {
                                                                                    line: 6,
                                                                                    col: 32,
                                                                                },
                                                                                end: SourcePos {
                                                                                    line: 6,
                                                                                    col: 38,
                                                                                },
                                                                            },
                                                                        },
                                                                    ),
                                                                ],
                                                                remainder: None,
                                                            },
                                                        ),
                                                        span: SourceSpan {
                                                            start: SourcePos {
                                                                line: 6,
                                                                col: 15,
                                                            },
                                                            end: SourcePos {
                                                                line: 6,
                                                                col: 39,
                                                            },
                                                        },
                                                    },
                                                ],
                                            },
                                            span: SourceSpan {
                                                start: SourcePos {
                                                    line: 6,
                                                    col: 7,
                                                },
                                                end: SourcePos {
                                                    line: 6,
                                                    col: 40,
                                                },
                                            },
                                        },
                                    },
                                    span: SourceSpan {
                                        start: SourcePos {
                                            line: 4,
                                            col: 7,
                                        },
                                        end: SourcePos {
                                            line: 6,
                                            col: 40,
                                        },
                                    },
                                },
                            },
                            span: SourceSpan {
                                start: SourcePos {
                                    line: 3,
                                    col: 3,
                                },
                                end: SourcePos {
                                    line: 7,
                                    col: 4,
                                },
                            },
                        },
                    },
                    span: SourceSpan {
                        start: SourcePos {
                            line: 2,
                            col: 3,
                        },
                        end: SourcePos {
                            line: 7,
                            col: 4,
                        },
                    },
                },
            },
            span: SourceSpan {
                start: SourcePos {
                    line: 1,
                    col: 1,
                },
                end: SourcePos {
                    line: 8,
                    col: 2,
                },
            },
        },
    ],
)
