---
source: rholang-shell/tests/golden_shell.rs
assertion_line: 40
expression: output_or_err
---
Good(
    [
        AnnProc {
            proc: New {
                decls: [
                    NameDecl {
                        id: Id {
                            name: "helloAgain",
                        },
                        uri: None,
                    },
                    NameDecl {
                        id: Id {
                            name: "stdout",
                        },
                        uri: Some(
                            Uri(
                                "rho:io:stdout",
                            ),
                        ),
                    },
                    NameDecl {
                        id: Id {
                            name: "stdoutAck",
                        },
                        uri: Some(
                            Uri(
                                "rho:io:stdoutAck",
                            ),
                        ),
                    },
                ],
                proc: AnnProc {
                    proc: Par {
                        left: AnnProc {
                            proc: Par {
                                left: AnnProc {
                                    proc: Contract {
                                        name: NameVar(
                                            Id(
                                                Id {
                                                    name: "helloAgain",
                                                },
                                            ),
                                        ),
                                        formals: Names {
                                            names: [
                                                NameVar(
                                                    Wildcard,
                                                ),
                                            ],
                                            remainder: None,
                                        },
                                        body: AnnProc {
                                            proc: New {
                                                decls: [
                                                    NameDecl {
                                                        id: Id {
                                                            name: "chan",
                                                        },
                                                        uri: None,
                                                    },
                                                ],
                                                proc: AnnProc {
                                                    proc: Par {
                                                        left: AnnProc {
                                                            proc: Send {
                                                                channel: NameVar(
                                                                    Id(
                                                                        Id {
                                                                            name: "chan",
                                                                        },
                                                                    ),
                                                                ),
                                                                send_type: Single,
                                                                inputs: [
                                                                    AnnProc {
                                                                        proc: StringLiteral(
                                                                            "Hello again, world!",
                                                                        ),
                                                                        span: SourceSpan {
                                                                        },
                                                                    },
                                                                ],
                                                            },
                                                            span: SourceSpan {
                                                            },
                                                        },
                                                        right: AnnProc {
                                                            proc: ForComprehension {
                                                                receipts: [
                                                                    [
                                                                        Linear {
                                                                            lhs: Names {
                                                                                names: [
                                                                                    Quote(
                                                                                        AnnProc {
                                                                                            proc: ProcVar(
                                                                                                Id(
                                                                                                    Id {
                                                                                                        name: "text",
                                                                                                    },
                                                                                                ),
                                                                                            ),
                                                                                            span: SourceSpan {
                                                                                            },
                                                                                        },
                                                                                    ),
                                                                                ],
                                                                                remainder: None,
                                                                            },
                                                                            rhs: Simple {
                                                                                name: NameVar(
                                                                                    Id(
                                                                                        Id {
                                                                                            name: "chan",
                                                                                        },
                                                                                    ),
                                                                                ),
                                                                            },
                                                                        },
                                                                    ],
                                                                ],
                                                                proc: AnnProc {
                                                                    proc: New {
                                                                        decls: [
                                                                            NameDecl {
                                                                                id: Id {
                                                                                    name: "ack",
                                                                                },
                                                                                uri: None,
                                                                            },
                                                                        ],
                                                                        proc: AnnProc {
                                                                            proc: Par {
                                                                                left: AnnProc {
                                                                                    proc: Send {
                                                                                        channel: NameVar(
                                                                                            Id(
                                                                                                Id {
                                                                                                    name: "stdoutAck",
                                                                                                },
                                                                                            ),
                                                                                        ),
                                                                                        send_type: Single,
                                                                                        inputs: [
                                                                                            AnnProc {
                                                                                                proc: ProcVar(
                                                                                                    Id(
                                                                                                        Id {
                                                                                                            name: "text",
                                                                                                        },
                                                                                                    ),
                                                                                                ),
                                                                                                span: SourceSpan {
                                                                                                },
                                                                                            },
                                                                                            AnnProc {
                                                                                                proc: Eval {
                                                                                                    name: NameVar(
                                                                                                        Id(
                                                                                                            Id {
                                                                                                                name: "ack",
                                                                                                            },
                                                                                                        ),
                                                                                                    ),
                                                                                                },
                                                                                                span: SourceSpan {
                                                                                                },
                                                                                            },
                                                                                        ],
                                                                                    },
                                                                                    span: SourceSpan {
                                                                                    },
                                                                                },
                                                                                right: AnnProc {
                                                                                    proc: ForComprehension {
                                                                                        receipts: [
                                                                                            [
                                                                                                Linear {
                                                                                                    lhs: Names {
                                                                                                        names: [
                                                                                                            NameVar(
                                                                                                                Wildcard,
                                                                                                            ),
                                                                                                        ],
                                                                                                        remainder: None,
                                                                                                    },
                                                                                                    rhs: Simple {
                                                                                                        name: NameVar(
                                                                                                            Id(
                                                                                                                Id {
                                                                                                                    name: "ack",
                                                                                                                },
                                                                                                            ),
                                                                                                        ),
                                                                                                    },
                                                                                                },
                                                                                            ],
                                                                                        ],
                                                                                        proc: AnnProc {
                                                                                            proc: Send {
                                                                                                channel: NameVar(
                                                                                                    Id(
                                                                                                        Id {
                                                                                                            name: "stdout",
                                                                                                        },
                                                                                                    ),
                                                                                                ),
                                                                                                send_type: Single,
                                                                                                inputs: [
                                                                                                    AnnProc {
                                                                                                        proc: StringLiteral(
                                                                                                            "\\n",
                                                                                                        ),
                                                                                                        span: SourceSpan {
                                                                                                        },
                                                                                                    },
                                                                                                ],
                                                                                            },
                                                                                            span: SourceSpan {
                                                                                            },
                                                                                        },
                                                                                    },
                                                                                    span: SourceSpan {
                                                                                    },
                                                                                },
                                                                            },
                                                                            span: SourceSpan {
                                                                            },
                                                                        },
                                                                    },
                                                                    span: SourceSpan {
                                                                    },
                                                                },
                                                            },
                                                            span: SourceSpan {
                                                            },
                                                        },
                                                    },
                                                    span: SourceSpan {
                                                    },
                                                },
                                            },
                                            span: SourceSpan {
                                            },
                                        },
                                    },
                                    span: SourceSpan {
                                    },
                                },
                                right: AnnProc {
                                    proc: Send {
                                        channel: NameVar(
                                            Id(
                                                Id {
                                                    name: "helloAgain",
                                                },
                                            ),
                                        ),
                                        send_type: Single,
                                        inputs: [
                                            AnnProc {
                                                proc: Nil,
                                                span: SourceSpan {
                                                },
                                            },
                                        ],
                                    },
                                    span: SourceSpan {
                                    },
                                },
                            },
                            span: SourceSpan {
                            },
                        },
                        right: AnnProc {
                            proc: Send {
                                channel: NameVar(
                                    Id(
                                        Id {
                                            name: "helloAgain",
                                        },
                                    ),
                                ),
                                send_type: Single,
                                inputs: [
                                    AnnProc {
                                        proc: Nil,
                                        span: SourceSpan {
                                        },
                                    },
                                ],
                            },
                            span: SourceSpan {
                            },
                        },
                    },
                    span: SourceSpan {
                    },
                },
            },
            span: SourceSpan {
            },
        },
    ],
)
