---
source: rholang-shell/tests/golden_shell.rs
expression: output
---
Good(
    [
        AnnProc {
            proc: New {
                decls: [
                    NameDecl {
                        id: Id {
                            name: "ack",
                            pos: SourcePos {
                                line: 1,
                                col: 5,
                            },
                        },
                        uri: None,
                    },
                    NameDecl {
                        id: Id {
                            name: "stderr",
                            pos: SourcePos {
                                line: 1,
                                col: 10,
                            },
                        },
                        uri: Some(
                            Uri(
                                "rho:io:stderr",
                            ),
                        ),
                    },
                    NameDecl {
                        id: Id {
                            name: "stderrAck",
                            pos: SourcePos {
                                line: 1,
                                col: 35,
                            },
                        },
                        uri: Some(
                            Uri(
                                "rho:io:stderrAck",
                            ),
                        ),
                    },
                ],
                proc: AnnProc {
                    proc: Par {
                        left: AnnProc {
                            proc: Send {
                                channel: NameVar(
                                    Id(
                                        Id {
                                            name: "stderrAck",
                                            pos: SourcePos {
                                                line: 2,
                                                col: 3,
                                            },
                                        },
                                    ),
                                ),
                                send_type: Single,
                                inputs: [
                                    AnnProc {
                                        proc: StringLiteral(
                                            "hello, world!",
                                        ),
                                        span: SourceSpan {
                                            start: SourcePos {
                                                line: 2,
                                                col: 14,
                                            },
                                            end: SourcePos {
                                                line: 2,
                                                col: 29,
                                            },
                                        },
                                    },
                                    AnnProc {
                                        proc: Eval {
                                            name: NameVar(
                                                Id(
                                                    Id {
                                                        name: "ack",
                                                        pos: SourcePos {
                                                            line: 2,
                                                            col: 32,
                                                        },
                                                    },
                                                ),
                                            ),
                                        },
                                        span: SourceSpan {
                                            start: SourcePos {
                                                line: 2,
                                                col: 31,
                                            },
                                            end: SourcePos {
                                                line: 2,
                                                col: 35,
                                            },
                                        },
                                    },
                                ],
                            },
                            span: SourceSpan {
                                start: SourcePos {
                                    line: 2,
                                    col: 3,
                                },
                                end: SourcePos {
                                    line: 2,
                                    col: 36,
                                },
                            },
                        },
                        right: AnnProc {
                            proc: ForComprehension {
                                receipts: [
                                    [
                                        Linear {
                                            lhs: Names {
                                                names: [
                                                    NameVar(
                                                        Wildcard,
                                                    ),
                                                ],
                                                remainder: None,
                                            },
                                            rhs: Simple {
                                                name: NameVar(
                                                    Id(
                                                        Id {
                                                            name: "ack",
                                                            pos: SourcePos {
                                                                line: 3,
                                                                col: 13,
                                                            },
                                                        },
                                                    ),
                                                ),
                                            },
                                        },
                                    ],
                                ],
                                proc: AnnProc {
                                    proc: Send {
                                        channel: NameVar(
                                            Id(
                                                Id {
                                                    name: "stderr",
                                                    pos: SourcePos {
                                                        line: 4,
                                                        col: 5,
                                                    },
                                                },
                                            ),
                                        ),
                                        send_type: Single,
                                        inputs: [
                                            AnnProc {
                                                proc: StringLiteral(
                                                    "received",
                                                ),
                                                span: SourceSpan {
                                                    start: SourcePos {
                                                        line: 4,
                                                        col: 13,
                                                    },
                                                    end: SourcePos {
                                                        line: 4,
                                                        col: 23,
                                                    },
                                                },
                                            },
                                        ],
                                    },
                                    span: SourceSpan {
                                        start: SourcePos {
                                            line: 4,
                                            col: 5,
                                        },
                                        end: SourcePos {
                                            line: 4,
                                            col: 24,
                                        },
                                    },
                                },
                            },
                            span: SourceSpan {
                                start: SourcePos {
                                    line: 3,
                                    col: 3,
                                },
                                end: SourcePos {
                                    line: 5,
                                    col: 4,
                                },
                            },
                        },
                    },
                    span: SourceSpan {
                        start: SourcePos {
                            line: 2,
                            col: 3,
                        },
                        end: SourcePos {
                            line: 5,
                            col: 4,
                        },
                    },
                },
            },
            span: SourceSpan {
                start: SourcePos {
                    line: 1,
                    col: 1,
                },
                end: SourcePos {
                    line: 6,
                    col: 2,
                },
            },
        },
    ],
)
